  stdafx.cpp
  Camera.cpp
C:\Users\Calin\Desktop\proiect_2015\NewTrainingFramework_2015\NewTrainingFramework\Camera.cpp(71,28): warning C4244: 'argument': conversion from 'int' to 'GLfloat', possible loss of data
  (compiling source file '/Camera.cpp')
  
C:\Users\Calin\Desktop\proiect_2015\NewTrainingFramework_2015\NewTrainingFramework\Camera.cpp(81,28): warning C4244: 'argument': conversion from 'int' to 'GLfloat', possible loss of data
  (compiling source file '/Camera.cpp')
  
C:\Users\Calin\Desktop\proiect_2015\NewTrainingFramework_2015\NewTrainingFramework\Camera.cpp(91,28): warning C4244: 'argument': conversion from 'int' to 'GLfloat', possible loss of data
  (compiling source file '/Camera.cpp')
  
  Fire.cpp
  Globals.cpp
  NewTrainingFramework.cpp
  ResourceManager.cpp
C:\Users\Calin\Desktop\proiect_2015\NewTrainingFramework_2015\NewTrainingFramework\ResourceManager.cpp(355,24): warning C4390: ';': empty controlled statement found; is this the intent?
  (compiling source file '/ResourceManager.cpp')
  
C:\Users\Calin\Desktop\proiect_2015\NewTrainingFramework_2015\NewTrainingFramework\rapidxml_utils.hpp(40,25): warning C4244: 'initializing': conversion from 'std::streamoff' to 'size_t', possible loss of data
  (compiling source file '/ResourceManager.cpp')
      C:\Users\Calin\Desktop\proiect_2015\NewTrainingFramework_2015\NewTrainingFramework\rapidxml_utils.hpp(40,25):
      the template instantiation context (the oldest one first) is
          C:\Users\Calin\Desktop\proiect_2015\NewTrainingFramework_2015\NewTrainingFramework\ResourceManager.cpp(17,19):
          see reference to class template instantiation 'rapidxml::file<char>' being compiled
          C:\Users\Calin\Desktop\proiect_2015\NewTrainingFramework_2015\NewTrainingFramework\rapidxml_utils.hpp(28,9):
          while compiling class template member function 'rapidxml::file<char>::file(const char *)'
              C:\Users\Calin\Desktop\proiect_2015\NewTrainingFramework_2015\NewTrainingFramework\ResourceManager.cpp(17,23):
              see the first reference to 'rapidxml::file<char>::file' in 'ResourceManager::Init'
  
  SceneManager.cpp
C:\Users\Calin\Desktop\proiect_2015\NewTrainingFramework_2015\NewTrainingFramework\SceneManager.cpp(171,19): warning C4018: '<': signed/unsigned mismatch
  (compiling source file '/SceneManager.cpp')
  
C:\Users\Calin\Desktop\proiect_2015\NewTrainingFramework_2015\NewTrainingFramework\rapidxml_utils.hpp(40,25): warning C4244: 'initializing': conversion from 'std::streamoff' to 'size_t', possible loss of data
  (compiling source file '/SceneManager.cpp')
      C:\Users\Calin\Desktop\proiect_2015\NewTrainingFramework_2015\NewTrainingFramework\rapidxml_utils.hpp(40,25):
      the template instantiation context (the oldest one first) is
          C:\Users\Calin\Desktop\proiect_2015\NewTrainingFramework_2015\NewTrainingFramework\SceneManager.cpp(17,19):
          see reference to class template instantiation 'rapidxml::file<char>' being compiled
          C:\Users\Calin\Desktop\proiect_2015\NewTrainingFramework_2015\NewTrainingFramework\rapidxml_utils.hpp(28,9):
          while compiling class template member function 'rapidxml::file<char>::file(const char *)'
              C:\Users\Calin\Desktop\proiect_2015\NewTrainingFramework_2015\NewTrainingFramework\SceneManager.cpp(17,23):
              see the first reference to 'rapidxml::file<char>::file' in 'SceneManager::Init'
  
  Shaders.cpp
  SkyBox.cpp
  Terrain.cpp
C:\Users\Calin\Desktop\proiect_2015\NewTrainingFramework_2015\NewTrainingFramework\Terrain.cpp(25,83): warning C4244: 'argument': conversion from 'int' to 'GLfloat', possible loss of data
  (compiling source file '/Terrain.cpp')
  
C:\Users\Calin\Desktop\proiect_2015\NewTrainingFramework_2015\NewTrainingFramework\Terrain.cpp(25,62): warning C4244: 'argument': conversion from 'const int' to 'GLfloat', possible loss of data
  (compiling source file '/Terrain.cpp')
  
C:\Users\Calin\Desktop\proiect_2015\NewTrainingFramework_2015\NewTrainingFramework\Terrain.cpp(25,37): warning C4244: 'argument': conversion from 'int' to 'GLfloat', possible loss of data
  (compiling source file '/Terrain.cpp')
  
C:\Users\Calin\Desktop\proiect_2015\NewTrainingFramework_2015\NewTrainingFramework\Terrain.cpp(28,29): warning C4244: 'argument': conversion from 'const int' to 'GLfloat', possible loss of data
  (compiling source file '/Terrain.cpp')
  
C:\Users\Calin\Desktop\proiect_2015\NewTrainingFramework_2015\NewTrainingFramework\Terrain.cpp(83,20): warning C4018: '<': signed/unsigned mismatch
  (compiling source file '/Terrain.cpp')
  
  Generating code
  Previous IPDB not found, fall back to full compilation.
C:\Users\Calin\Desktop\proiect_2015\NewTrainingFramework_2015\NewTrainingFramework\ResourceManager.cpp(202): warning C4715: 'ResourceManager::loadTexture': not all control paths return a value
C:\Users\Calin\Desktop\proiect_2015\NewTrainingFramework_2015\NewTrainingFramework\ResourceManager.cpp(229): warning C4715: 'ResourceManager::loadShader': not all control paths return a value
C:\Users\Calin\Desktop\proiect_2015\NewTrainingFramework_2015\NewTrainingFramework\ResourceManager.cpp(175): warning C4715: 'ResourceManager::loadModel': not all control paths return a value
  All 1275 functions were compiled because no usable IPDB/IOBJ from previous compilation was found.
  Finished generating code
LINK : fatal error LNK1207: incompatible PDB format in 'C:\Users\Calin\Desktop\proiect_2015\NewTrainingFramework_2015\BIN-ATI\NewTrainingFramework.pdb'; delete and rebuild
